  cvxopt failed at reltol=1e-10: math domain error
  cvxopt failed at reltol=1e-10: math domain error
  theta collapsed to 0; dual point unusable
  theta collapsed to 0; dual point unusable
  theta collapsed to 0; dual point unusable
  cvxopt failed at reltol=1e-09: math domain error
  theta collapsed to 0; dual point unusable
  cvxopt failed at reltol=1e-09: math domain error
  theta collapsed to 0; dual point unusable
  cvxopt failed at reltol=1e-08: math domain error
  theta collapsed to 0; dual point unusable
  theta collapsed to 0; dual point unusable
  theta collapsed to 0; dual point unusable
  theta collapsed to 0; dual point unusable
  theta collapsed to 0; dual point unusable
  theta collapsed to 0; dual point unusable
  theta collapsed to 0; dual point unusable
  theta collapsed to 0; dual point unusable
  theta collapsed to 0; dual point unusable
  theta collapsed to 0; dual point unusable
  theta collapsed to 0; dual point unusable
  theta collapsed to 0; dual point unusable
  theta collapsed to 0; dual point unusable
  theta collapsed to 0; dual point unusable
  theta collapsed to 0; dual point unusable
  theta collapsed to 0; dual point unusable
  theta collapsed to 0; dual point unusable
  theta collapsed to 0; dual point unusable
  theta collapsed to 0; dual point unusable
  theta collapsed to 0; dual point unusable
  theta collapsed to 0; dual point unusable
  theta collapsed to 0; dual point unusable
  cvxopt failed at reltol=1e-10: domain error
  cvxopt failed at reltol=1e-09: domain error
  cvxopt failed at reltol=1e-10: domain error
  theta collapsed to 0; dual point unusable
  theta collapsed to 0; dual point unusable
  cvxopt failed at reltol=1e-10: domain error
  theta collapsed to 0; dual point unusable
  theta collapsed to 0; dual point unusable
  theta collapsed to 0; dual point unusable
  theta collapsed to 0; dual point unusable
  theta collapsed to 0; dual point unusable
  theta collapsed to 0; dual point unusable
  theta collapsed to 0; dual point unusable
  cvxopt failed at reltol=1e-09: domain error
  theta collapsed to 0; dual point unusable
  theta collapsed to 0; dual point unusable
  theta collapsed to 0; dual point unusable
  theta collapsed to 0; dual point unusable
  theta collapsed to 0; dual point unusable
  theta collapsed to 0; dual point unusable
  theta collapsed to 0; dual point unusable
  cvxopt failed at reltol=1e-09: domain error
  theta collapsed to 0; dual point unusable
  theta collapsed to 0; dual point unusable
  theta collapsed to 0; dual point unusable
  theta collapsed to 0; dual point unusable
  theta collapsed to 0; dual point unusable
  cvxopt failed at reltol=1e-10: domain error
  cvxopt failed at reltol=1e-09: domain error
  theta collapsed to 0; dual point unusable
  theta collapsed to 0; dual point unusable
  theta collapsed to 0; dual point unusable
  theta collapsed to 0; dual point unusable
  theta collapsed to 0; dual point unusable
  cvxopt failed at reltol=1e-08: domain error
  theta collapsed to 0; dual point unusable
  theta collapsed to 0; dual point unusable
  theta collapsed to 0; dual point unusable
  theta collapsed to 0; dual point unusable
  theta collapsed to 0; dual point unusable
  theta collapsed to 0; dual point unusable
  theta collapsed to 0; dual point unusable
  cvxopt failed at reltol=1e-10: domain error
  theta collapsed to 0; dual point unusable
  theta collapsed to 0; dual point unusable
  theta collapsed to 0; dual point unusable
  theta collapsed to 0; dual point unusable
  theta collapsed to 0; dual point unusable
  theta collapsed to 0; dual point unusable
  no valid certificate produced
  theta collapsed to 0; dual point unusable
  theta collapsed to 0; dual point unusable
  theta collapsed to 0; dual point unusable
  theta collapsed to 0; dual point unusable
  cvxopt failed at reltol=1e-09: domain error
  theta collapsed to 0; dual point unusable
  theta collapsed to 0; dual point unusable
  theta collapsed to 0; dual point unusable
  theta collapsed to 0; dual point unusable
  theta collapsed to 0; dual point unusable
  theta collapsed to 0; dual point unusable
  no valid certificate produced
  theta collapsed to 0; dual point unusable
  theta collapsed to 0; dual point unusable
  no valid certificate produced
q=10 n=7 R=2  certified SDP value 21925258.910706  cube root 279.886259  => K >= 280
q=8 n=8 R=3  certified SDP value 624067726.343206  cube root 854.562651  => K >= 855
q=10 n=9 R=3  certified SDP value 11324545.593495  cube root 224.564065  => K >= 225
q=9 n=5 R=2  certified SDP value 938288.371089  cube root 97.899118  => K >= 98
q=6 n=8 R=2  certified SDP value 33031345.443338  cube root 320.854958  => K >= 321
q=6 n=9 R=2  certified SDP value 11308040.418019  cube root 224.454914  => K >= 225
q=9 n=8 R=2  certified SDP value 1971475.103604  cube root 125.390249  => K >= 126
q=8 n=9 R=2  certified SDP value 697329.901696  cube root 88.677362  => K >= 89
q=7 n=5 R=2  certified SDP value 132252.694526  cube root 50.948904  => K >= 51
q=7 n=7 R=3  certified SDP value 1409335.644592  cube root 112.117003  => K >= 113
q=7 n=9 R=2  certified SDP value 2796508.788604  cube root 140.887370  => K >= 141
q=6 n=9 R=3  certified SDP value 788838938.501291  cube root 923.980445  => K >= 924
q=7 n=7 R=2  certified SDP value 471162207.289442  cube root 778.138343  => K >= 779
q=6 n=10 R=3  certified SDP value 66720183.321137  cube root 405.588604  => K >= 406
q=9 n=8 R=3  certified SDP value 198614894.763498  cube root 583.450395  => K >= 584
q=8 n=7 R=2  certified SDP value 94287355.730926  cube root 455.146442  => K >= 456
q=9 n=10 R=4  certified SDP value 198974908.557570  cube root 583.802707  => K >= 584
q=10 n=10 R=4  certified SDP value 61153862.053925  cube root 393.980412  => K >= 394
q=9 n=10 R=3  certified SDP value 3859372.889416  cube root 156.857605  => K >= 157
q=10 n=10 R=3  certified SDP value 960388.287648  cube root 98.661781  => K >= 99
q=10 n=8 R=2  certified SDP value 1972223.194055  cube root 125.406107  => K >= 126
q=10 n=10 R=5  certified SDP value 236517197.815505  cube root 618.425765  => K >= 619
q=7 n=10 R=2  certified SDP value 239469.935915  cube root 62.098865  => K >= 63
q=9 n=9 R=2  certified SDP value 694187.490262  cube root 88.543957  => K >= 89
q=7 n=10 R=4  certified SDP value 954055418.735463  cube root 984.444418  => K >= 985
q=10 n=9 R=4  certified SDP value 1497973266.571265  cube root 1144.198448  => K >= 1145
q=7 n=10 R=3  certified SDP value 15723740.042063  cube root 250.525508  => K >= 251
q=7 n=8 R=2  certified SDP value 32910036.933968  cube root 320.461693  => K >= 321
q=8 n=9 R=4  certified SDP value 78080673.011948  cube root 427.413120  => K >= 428
q=9 n=7 R=2  certified SDP value 93661870.600274  cube root 454.137755  => K >= 455
q=10 n=8 R=3  certified SDP value 173489772.822797  cube root 557.730797  => K >= 558
q=9 n=6 R=2  certified SDP value 112690599.849526  cube root 483.017164  => K >= 484
q=8 n=6 R=2  certified SDP value 47440537.224380  cube root 362.006637  => K >= 363
q=6 n=6 R=2  certified SDP value 2118341.010357  cube root 128.429648  => K >= 129
q=6 n=5 R=2  certified SDP value 40485.942785  cube root 34.337454  => K >= 35
q=9 n=7 R=3  certified SDP value 19072675.437754  cube root 267.179955  => K >= 268
q=10 n=5 R=2  certified SDP value 2173393.341761  cube root 129.532708  => K >= 130
q=8 n=10 R=5  certified SDP value 13843890.712685  cube root 240.115053  => K >= 241
{'q': 10, 'n': 10, 'R': 2, 'error': 'none', 'sec': 1025.6945271492004}
{'q': 7, 'n': 10, 'R': 2, 'cube': 62.09886549713511, 'K': 63, 'cert': 'certs_geo/cert_q7_n10_R2.json', 'sec': 813.6371088027954}
{'q': 10, 'n': 9, 'R': 2, 'cube': 51.89059748756872, 'K': 52, 'cert': 'certs_geo/cert_q10_n9_R2.json', 'sec': 361.24432134628296}
{'q': 9, 'n': 10, 'R': 3, 'cube': 156.8576053415935, 'K': 157, 'cert': 'certs_geo/cert_q9_n10_R3.json', 'sec': 727.9419507980347}
{'q': 9, 'n': 8, 'R': 2, 'cube': 125.39024925315526, 'K': 126, 'cert': 'certs_geo/cert_q9_n8_R2.json', 'sec': 137.42733216285706}
{'q': 7, 'n': 8, 'R': 2, 'cube': 320.4616933633528, 'K': 321, 'cert': 'certs_geo/cert_q7_n8_R2.json', 'sec': 118.63367819786072}
{'q': 7, 'n': 9, 'R': 2, 'cube': 140.88737025440886, 'K': 141, 'cert': 'certs_geo/cert_q7_n9_R2.json', 'sec': 366.6222598552704}
{'q': 9, 'n': 9, 'R': 3, 'cube': 224.85986408370914, 'K': 225, 'cert': 'certs_geo/cert_q9_n9_R3.json', 'sec': 382.34516525268555}
{'q': 10, 'n': 8, 'R': 2, 'cube': 125.40610732572489, 'K': 126, 'cert': 'certs_geo/cert_q10_n8_R2.json', 'sec': 169.0915606021881}
{'q': 9, 'n': 8, 'R': 3, 'cube': 583.4503949599756, 'K': 584, 'cert': 'certs_geo/cert_q9_n8_R3.json', 'sec': 86.3404426574707}
{'q': 10, 'n': 7, 'R': 2, 'cube': 279.88625869484184, 'K': 280, 'cert': 'certs_geo/cert_q10_n7_R2.json', 'sec': 30.459776878356934}
{'q': 8, 'n': 8, 'R': 2, 'cube': 199.55179057397223, 'K': 200, 'cert': 'certs_geo/cert_q8_n8_R2.json', 'sec': 166.2936770915985}
{'q': 7, 'n': 9, 'R': 3, 'cube': 602.0204993557329, 'K': 603, 'cert': 'certs_geo/cert_q7_n9_R3.json', 'sec': 259.5732789039612}
{'q': 7, 'n': 7, 'R': 2, 'cube': 778.1383431121014, 'K': 779, 'cert': 'certs_geo/cert_q7_n7_R2.json', 'sec': 33.790075063705444}
{'q': 6, 'n': 8, 'R': 2, 'cube': 320.8549580186168, 'K': 321, 'cert': 'certs_geo/cert_q6_n8_R2.json', 'sec': 112.36813735961914}
{'q': 10, 'n': 9, 'R': 4, 'cube': 1144.198447816829, 'K': 1145, 'cert': 'certs_geo/cert_q10_n9_R4.json', 'sec': 240.4354362487793}
{'q': 10, 'n': 10, 'R': 3, 'cube': 98.66178117611823, 'K': 99, 'cert': 'certs_geo/cert_q10_n10_R3.json', 'sec': 768.5678429603577}
{'q': 10, 'n': 10, 'R': 4, 'cube': 393.9804117610177, 'K': 394, 'cert': 'certs_geo/cert_q10_n10_R4.json', 'sec': 716.1302604675293}
{'q': 9, 'n': 9, 'R': 2, 'cube': 88.54395723525452, 'K': 89, 'cert': 'certs_geo/cert_q9_n9_R2.json', 'sec': 408.38004064559937}
{'q': 8, 'n': 10, 'R': 2, 'error': 'none', 'sec': 835.5321202278137}
{'q': 8, 'n': 9, 'R': 4, 'cube': 427.4131200841568, 'K': 428, 'cert': 'certs_geo/cert_q8_n9_R4.json', 'sec': 246.03831005096436}
{'q': 9, 'n': 9, 'R': 4, 'cube': 717.8794445967677, 'K': 718, 'cert': 'certs_geo/cert_q9_n9_R4.json', 'sec': 272.89561223983765}
{'q': 8, 'n': 8, 'R': 3, 'cube': 854.5626509848662, 'K': 855, 'cert': 'certs_geo/cert_q8_n8_R3.json', 'sec': 101.24209904670715}
{'q': 6, 'n': 10, 'R': 3, 'cube': 405.58860371933457, 'K': 406, 'cert': 'certs_geo/cert_q6_n10_R3.json', 'sec': 617.9397616386414}
{'q': 8, 'n': 7, 'R': 2, 'cube': 455.14644198367864, 'K': 456, 'cert': 'certs_geo/cert_q8_n7_R2.json', 'sec': 50.402754068374634}
{'q': 6, 'n': 9, 'R': 2, 'cube': 224.4549137424203, 'K': 225, 'cert': 'certs_geo/cert_q6_n9_R2.json', 'sec': 427.5301306247711}
{'q': 9, 'n': 10, 'R': 2, 'error': 'none', 'sec': 936.1879041194916}
{'q': 10, 'n': 9, 'R': 3, 'cube': 224.56406518455478, 'K': 225, 'cert': 'certs_geo/cert_q10_n9_R3.json', 'sec': 398.4071955680847}
{'q': 9, 'n': 10, 'R': 4, 'cube': 583.8027072481232, 'K': 584, 'cert': 'certs_geo/cert_q9_n10_R4.json', 'sec': 573.9005110263824}
{'q': 8, 'n': 9, 'R': 2, 'cube': 88.67736151827302, 'K': 89, 'cert': 'certs_geo/cert_q8_n9_R2.json', 'sec': 376.92292499542236}
{'q': 8, 'n': 9, 'R': 3, 'cube': 365.19986777712535, 'K': 366, 'cert': 'certs_geo/cert_q8_n9_R3.json', 'sec': 287.69517254829407}
{'q': 10, 'n': 10, 'R': 5, 'cube': 618.4257650325494, 'K': 619, 'cert': 'certs_geo/cert_q10_n10_R5.json', 'sec': 610.7601270675659}
{'q': 7, 'n': 10, 'R': 3, 'cube': 250.5255081484221, 'K': 251, 'cert': 'certs_geo/cert_q7_n10_R3.json', 'sec': 782.7065649032593}
{'q': 9, 'n': 7, 'R': 2, 'cube': 454.1377553604338, 'K': 455, 'cert': 'certs_geo/cert_q9_n7_R2.json', 'sec': 40.99173426628113}
{'q': 6, 'n': 10, 'R': 2, 'cube': 156.74968324180898, 'K': 157, 'cert': 'certs_geo/cert_q6_n10_R2.json', 'sec': 870.8617923259735}
{'q': 7, 'n': 8, 'R': 3, 'cube': 470.32300734373825, 'K': 471, 'cert': 'certs_geo/cert_q7_n8_R3.json', 'sec': 74.12754487991333}
{'q': 10, 'n': 8, 'R': 3, 'cube': 557.7307968883132, 'K': 558, 'cert': 'certs_geo/cert_q10_n8_R3.json', 'sec': 133.093918800354}
{'q': 8, 'n': 10, 'R': 3, 'cube': 249.9029581131991, 'K': 250, 'cert': 'certs_geo/cert_q8_n10_R3.json', 'sec': 765.0589962005615}
{'q': 8, 'n': 10, 'R': 4, 'cube': 2006.3918362736188, 'K': 2007, 'cert': 'certs_geo/cert_q8_n10_R4.json', 'sec': 778.6491329669952}
{'q': 6, 'n': 9, 'R': 3, 'cube': 923.9804450821212, 'K': 924, 'cert': 'certs_geo/cert_q6_n9_R3.json', 'sec': 237.8710377216339}
{'q': 6, 'n': 7, 'R': 2, 'cube': 505.3607368048965, 'K': 506, 'cert': 'certs_geo/cert_q6_n7_R2.json', 'sec': 50.64213943481445}
{'q': 7, 'n': 10, 'R': 4, 'cube': 984.4444181447824, 'K': 985, 'cert': 'certs_geo/cert_q7_n10_R4.json', 'sec': 610.9914512634277}
{'q': 9, 'n': 6, 'R': 2, 'cube': 483.01716386491705, 'K': 484, 'cert': 'certs_geo/cert_q9_n6_R2.json', 'sec': 16.370036363601685}
{'q': 10, 'n': 6, 'R': 2, 'cube': 582.5917440353566, 'K': 583, 'cert': 'certs_geo/cert_q10_n6_R2.json', 'sec': 10.687155961990356}
{'q': 8, 'n': 6, 'R': 2, 'cube': 362.00663689687804, 'K': 363, 'cert': 'certs_geo/cert_q8_n6_R2.json', 'sec': 9.677874326705933}
{'q': 7, 'n': 6, 'R': 2, 'cube': 222.4622348584058, 'K': 223, 'cert': 'certs_geo/cert_q7_n6_R2.json', 'sec': 11.190058946609497}
{'q': 6, 'n': 6, 'R': 2, 'cube': 128.4296477402377, 'K': 129, 'cert': 'certs_geo/cert_q6_n6_R2.json', 'sec': 13.14411997795105}
{'q': 8, 'n': 7, 'R': 3, 'cube': 176.9961108087537, 'K': 177, 'cert': 'certs_geo/cert_q8_n7_R3.json', 'sec': 24.808751821517944}
{'q': 10, 'n': 7, 'R': 3, 'cube': 388.86050959996714, 'K': 389, 'cert': 'certs_geo/cert_q10_n7_R3.json', 'sec': 42.98786759376526}
{'q': 6, 'n': 5, 'R': 2, 'cube': 34.337453608305566, 'K': 35, 'cert': 'certs_geo/cert_q6_n5_R2.json', 'sec': 4.686908721923828}
{'q': 9, 'n': 7, 'R': 3, 'cube': 267.1799552638992, 'K': 268, 'cert': 'certs_geo/cert_q9_n7_R3.json', 'sec': 46.43839716911316}
{'q': 9, 'n': 10, 'R': 5, 'cube': 395.64946348086204, 'K': 396, 'cert': 'certs_geo/cert_q9_n10_R5.json', 'sec': 588.137229681015}
{'q': 7, 'n': 10, 'R': 5, 'cube': 137.62635896001183, 'K': 138, 'cert': 'certs_geo/cert_q7_n10_R5.json', 'sec': 660.5766627788544}
{'q': 10, 'n': 5, 'R': 2, 'cube': 129.53270774357853, 'K': 130, 'cert': 'certs_geo/cert_q10_n5_R2.json', 'sec': 2.184516668319702}
{'q': 8, 'n': 10, 'R': 5, 'cube': 240.11505312709434, 'K': 241, 'cert': 'certs_geo/cert_q8_n10_R5.json', 'sec': 544.3702669143677}
{'q': 7, 'n': 5, 'R': 2, 'cube': 50.94890365265875, 'K': 51, 'cert': 'certs_geo/cert_q7_n5_R2.json', 'sec': 6.1506359577178955}
{'q': 7, 'n': 7, 'R': 3, 'cube': 112.11700263815719, 'K': 113, 'cert': 'certs_geo/cert_q7_n7_R3.json', 'sec': 42.447481632232666}
{'q': 9, 'n': 5, 'R': 2, 'cube': 97.89911772906032, 'K': 98, 'cert': 'certs_geo/cert_q9_n5_R2.json', 'sec': 6.360901832580566}
