cert_q10_n7_R2.json                      IMPROVES (+148)
cert_q10_n8_R2.json                      IMPROVES (+651)
cert_q10_n9_R2.json                      IMPROVES (+3834)
cert_q12_n8_R3.json                      IMPROVES (+28)
cert_q13_n6_R2.json                      IMPROVES (+64)
cert_q13_n8_R3.json                      IMPROVES (+107)
cert_q14_n6_R2.json                      IMPROVES (+9)
cert_q14_n8_R3.json                      below (-212)
cert_q15_n6_R2.json                      IMPROVES (+50)
cert_q15_n7_R3.json                      below (-5)
cert_q15_n8_R3.json                      below (-147)
cert_q16_n6_R2.json                      IMPROVES (+103)
cert_q16_n7_R3.json                      below (-4)
cert_q16_n8_R3.json                      below (-32)
cert_q17_n6_R2.json                      below (-4)
cert_q17_n7_R3.json                      below (-8)
cert_q17_n8_R3.json                      IMPROVES (+174)
cert_q17_n8_R4.json                      IMPROVES (+6)
cert_q18_n7_R3.json                      below (-11)
cert_q18_n8_R4.json                      below (-22)
cert_q19_n7_R3.json                      IMPROVES (+44)
cert_q19_n8_R4.json                      below (-26)
cert_q20_n7_R3.json                      IMPROVES (+40)
cert_q20_n8_R3.json                      below (-291)
cert_q20_n8_R4.json                      below (-50)
cert_q21_n7_R3.json                      IMPROVES (+45)
cert_q21_n8_R3.json                      IMPROVES (+254)
cert_q21_n8_R4.json                      below (-24)
cert_q4_n9_R1.json                       below (-5)
cert_q5_n8_R2.json                       matches
cert_q6_n10_R3.json                      below (-88)
cert_q6_n8_R2.json                       IMPROVES (+91)
cert_q6_n9_R2.json                       IMPROVES (+65)
cert_q7_n10_R2.json                      IMPROVES (+2590)
cert_q7_n7_R2.json                       IMPROVES (+46)
cert_q7_n8_R2.json                       IMPROVES (+174)
cert_q7_n9_R2.json                       IMPROVES (+672)
cert_q7_n9_R3.json                       IMPROVES (+66)
cert_q8_n8_R2.json                       IMPROVES (+267)
cert_q9_n10_R3.json                      IMPROVES (+430)
cert_q9_n8_R2.json                       IMPROVES (+458)
cert_q9_n8_R3.json                       IMPROVES (+51)
cert_q9_n9_R2.json                       below (-13)
cert_q9_n9_R3.json                       IMPROVES (+141)
