cert_q10_n10_R2.json                     IMPROVES (+22688)
cert_q10_n10_R3.json                     below (-570)
cert_q10_n10_R4.json                     IMPROVES (+29)
cert_q10_n7_R2.json                      IMPROVES (+148)
cert_q10_n8_R2.json                      IMPROVES (+651)
cert_q10_n9_R2.json                      IMPROVES (+3834)
cert_q10_n9_R4.json                      IMPROVES (+30)
cert_q11_n7_R2.json                      IMPROVES (+87)
cert_q11_n8_R2.json                      IMPROVES (+1033)
cert_q12_n8_R2.json                      IMPROVES (+1384)
cert_q12_n8_R3.json                      IMPROVES (+28)
cert_q13_n6_R2.json                      IMPROVES (+64)
cert_q13_n7_R2.json                      IMPROVES (+356)
cert_q13_n8_R2.json                      IMPROVES (+2070)
cert_q13_n8_R3.json                      IMPROVES (+107)
cert_q14_n6_R2.json                      IMPROVES (+9)
cert_q14_n7_R2.json                      IMPROVES (+131)
cert_q14_n8_R2.json                      IMPROVES (+2615)
cert_q14_n8_R3.json                      below (-212)
cert_q15_n6_R2.json                      IMPROVES (+50)
cert_q15_n7_R3.json                      below (-5)
cert_q15_n8_R2.json                      IMPROVES (+3710)
cert_q15_n8_R3.json                      below (-147)
cert_q16_n6_R2.json                      IMPROVES (+103)
cert_q16_n7_R2.json                      IMPROVES (+637)
cert_q16_n7_R3.json                      below (-4)
cert_q16_n8_R2.json                      IMPROVES (+4516)
cert_q16_n8_R3.json                      below (-32)
cert_q17_n6_R2.json                      below (-4)
cert_q17_n7_R2.json                      IMPROVES (+130)
cert_q17_n7_R3.json                      below (-8)
cert_q17_n8_R2.json                      IMPROVES (+6167)
cert_q17_n8_R3.json                      IMPROVES (+174)
cert_q17_n8_R4.json                      IMPROVES (+6)
cert_q18_n6_R2.json                      IMPROVES (+63)
cert_q18_n7_R2.json                      below (-708)
cert_q18_n7_R3.json                      below (-11)
cert_q18_n8_R2.json                      IMPROVES (+7281)
cert_q18_n8_R4.json                      below (-22)
cert_q19_n6_R2.json                      IMPROVES (+145)
cert_q19_n7_R2.json                      IMPROVES (+1109)
cert_q19_n7_R3.json                      IMPROVES (+45)
cert_q19_n8_R2.json                      IMPROVES (+9657)
cert_q19_n8_R4.json                      below (-26)
cert_q20_n6_R2.json                      below (-32)
cert_q20_n7_R2.json                      IMPROVES (+39)
cert_q20_n7_R3.json                      IMPROVES (+41)
cert_q20_n8_R2.json                      IMPROVES (+11145)
cert_q20_n8_R3.json                      below (-200)
cert_q20_n8_R4.json                      below (-50)
cert_q21_n6_R2.json                      IMPROVES (+70)
cert_q21_n7_R2.json                      below (-1516)
cert_q21_n7_R3.json                      IMPROVES (+45)
cert_q21_n8_R2.json                      IMPROVES (+14436)
cert_q21_n8_R3.json                      IMPROVES (+254)
cert_q21_n8_R4.json                      below (-24)
cert_q4_n9_R1.json                       below (-5)
cert_q5_n8_R2.json                       matches
cert_q6_n10_R3.json                      IMPROVES (+21)
cert_q6_n10_R4.json                      IMPROVES (+24)
cert_q6_n7_R1.json                       below (-1)
cert_q6_n8_R1.json                       below (-430)
cert_q6_n8_R2.json                       IMPROVES (+91)
cert_q6_n9_R2.json                       IMPROVES (+65)
cert_q6_n9_R3.json                       IMPROVES (+5)
cert_q7_n10_R2.json                      IMPROVES (+2590)
cert_q7_n7_R2.json                       IMPROVES (+46)
cert_q7_n8_R2.json                       IMPROVES (+174)
cert_q7_n8_R3.json                       IMPROVES (+14)
cert_q7_n9_R2.json                       IMPROVES (+673)
cert_q7_n9_R3.json                       IMPROVES (+66)
cert_q8_n10_R2.json                      below (-756)
cert_q8_n8_R2.json                       IMPROVES (+267)
cert_q8_n8_R3.json                       IMPROVES (+27)
cert_q8_n9_R4.json                       IMPROVES (+20)
cert_q9_n10_R3.json                      IMPROVES (+456)
cert_q9_n8_R2.json                       IMPROVES (+458)
cert_q9_n8_R3.json                       IMPROVES (+51)
cert_q9_n9_R2.json                       below (-13)
cert_q9_n9_R3.json                       IMPROVES (+141)
cert_q9_n9_R4.json                       IMPROVES (+19)
