DONE q=13 n=8 R=3 rc=1 prec=200 :: certificate evaluation failed: ['d_0 = 7542025266103202883470417691129518204387328/5192296858534827628530496329220096 >= 0, bound is not positive']
DONE q=10 n=7 R=2 rc=0 prec=200 :: q=10 n=7 R=2  certified SDP value 197496990798.415710  cube root 5823.536846  => K >= 5824   (phase=pdOPT theta=0.999771372367654)
DONE q=7 n=7 R=2 rc=0 prec=200 :: q=7 n=7 R=2  certified SDP value 1260367656.906284  cube root 1080.187341  => K >= 1081   (phase=pdOPT theta=0.99999999661215)
DONE q=19 n=7 R=3 rc=0 prec=200 :: q=19 n=7 R=3  certified SDP value 78448321515.675064  cube root 4280.829051  => K >= 4281   (phase=pdOPT theta=0.9994720298788629)
DONE q=20 n=7 R=3 rc=0 prec=200 :: q=20 n=7 R=3  certified SDP value 141710703727.415497  cube root 5213.558107  => K >= 5214   (phase=pdOPT theta=0.9993314300569089)
DONE q=9 n=8 R=2 rc=1 prec=200 :: certificate evaluation failed: ['d_0 = 32508516906315275667368385743769990303055872/5192296858534827628530496329220096 >= 0, bound is not positive']
DONE q=10 n=8 R=2 rc=1 prec=200 :: certificate evaluation failed: ['d_0 = 9523019710003860130812101679138013840156917760/5192296858534827628530496329220096 >= 0, bound is not positive']
DONE q=21 n=8 R=3 rc=0 prec=200 :: q=21 n=8 R=3  certified SDP value 225909479308507.343750  cube root 60903.859961  => K >= 60904   (phase=pdOPT theta=0.40093605738674043)
DONE q=17 n=8 R=3 rc=0 prec=200 :: q=17 n=8 R=3  certified SDP value 23917126568118.906250  cube root 28811.751959  => K >= 28812   (phase=pdOPT theta=0.9174675438918314)
DONE q=7 n=8 R=2 rc=0 prec=200 :: q=7 n=8 R=2  certified SDP value 178484817778.781525  cube root 5630.328833  => K >= 5631   (phase=pdOPT theta=0.9999992082364564)
DONE q=8 n=8 R=2 rc=0 prec=200 :: q=8 n=8 R=2  certified SDP value 1741963672306.665527  cube root 12032.236638  => K >= 12033   (phase=pdOPT theta=0.9999957280991829)
DONE q=6 n=8 R=2 rc=0 prec=200 :: q=6 n=8 R=2  certified SDP value 13260387098.855618  cube root 2366.929927  => K >= 2367   (phase=pdOPT theta=0.9999997302894741)
DONE q=9 n=8 R=3 rc=0 prec=200 :: q=9 n=8 R=3  certified SDP value 3133381023.922334  cube root 1463.314703  => K >= 1464   (phase=pdOPT theta=0.9999669568676595)
DONE q=18 n=7 R=3 rc=1 prec=200 :: certificate evaluation failed: ['d_0 = 1081942473430946136730486633491763314843762864437004435315490816/95780971304118053647396689196894323976171195136475136 >= 0, bound is not positive']
DONE q=16 n=7 R=3 rc=0 prec=200 :: q=16 n=7 R=3  certified SDP value 10963942976.972889  cube root 2221.547428  => K >= 2222   (phase=pdOPT theta=0.999999679784171)
DONE q=17 n=7 R=3 rc=0 prec=200 :: q=17 n=7 R=3  certified SDP value 21899069878.801216  cube root 2797.747759  => K >= 2798   (phase=pdOPT theta=0.9999998919582183)
DONE q=15 n=7 R=3 rc=0 prec=200 :: q=15 n=7 R=3  certified SDP value 5267729520.321310  cube root 1739.967578  => K >= 1740   (phase=pdOPT theta=0.99999994133751)
DONE q=12 n=8 R=3 rc=1 prec=200 :: certificate evaluation failed: ['d_0 = 453648569639690661519162814093119386224164638403515329315602432/95780971304118053647396689196894323976171195136475136 >= 0, bound is not positive']
DONE q=16 n=8 R=3 rc=1 prec=200 :: certificate evaluation failed: ['d_0 = 3691156790525791381809163842625907352586018748109605932745359360/95780971304118053647396689196894323976171195136475136 >= 0, bound is not positive']
DONE q=10 n=9 R=2 rc=0 prec=200 :: q=10 n=9 R=2  certified SDP value 35967595334047864.000000  cube root 330093.623066  => K >= 330094   (phase=pdOPT theta=0.9364897633055271)
DONE q=17 n=8 R=4 rc=0 prec=200 :: q=17 n=8 R=4  certified SDP value 3136996622.133574  cube root 1463.877325  => K >= 1464   (phase=pdOPT theta=0.9999993161037359)
DONE q=7 n=9 R=2 rc=0 prec=200 :: q=7 n=9 R=2  certified SDP value 28542428175547.292969  cube root 30560.724018  => K >= 30561   (phase=pdOPT theta=0.9998875097527709)
DONE q=18 n=8 R=4 rc=0 prec=200 :: q=18 n=8 R=4  certified SDP value 5990753841.773252  cube root 1816.186703  => K >= 1817   (phase=pdOPT theta=0.9999991749987274)
DONE q=19 n=8 R=4 rc=0 prec=200 :: q=19 n=8 R=4  certified SDP value 11076733390.436893  cube root 2229.139431  => K >= 2230   (phase=pdOPT theta=0.9999989975430701)
DONE q=9 n=9 R=3 rc=0 prec=200 :: q=9 n=9 R=3  certified SDP value 654896284244.355103  cube root 8684.087195  => K >= 8685   (phase=pdOPT theta=0.9999495600691795)
DONE q=7 n=9 R=3 rc=0 prec=200 :: q=7 n=9 R=3  certified SDP value 9833102713.522173  cube root 2142.381742  => K >= 2143   (phase=pdOPT theta=0.9999995962180606)
DONE q=4 n=9 R=1 rc=0 prec=200 :: q=4 n=9 R=1  certified SDP value 820626754258.387695  cube root 9362.285714  => K >= 9363   (phase=pdOPT theta=0.999999999999897)
DONE q=20 n=8 R=4 rc=0 prec=200 :: q=20 n=8 R=4  certified SDP value 19888391943.744411  cube root 2709.359014  => K >= 2710   (phase=pdOPT theta=0.9999987905333043)
DONE q=21 n=8 R=4 rc=0 prec=200 :: q=21 n=8 R=4  certified SDP value 34767576265.318153  cube root 3263.809524  => K >= 3264   (phase=pdOPT theta=0.9999985501237312)
DONE q=20 n=8 R=3 rc=0 prec=200 :: q=20 n=8 R=3  certified SDP value 275381764937598.125000  cube root 65059.650562  => K >= 65060   (phase=pdOPT theta=0.9958356365756558)
DONE q=15 n=8 R=3 rc=1 prec=200 :: certificate evaluation failed: ['d_0 = 630478310122741371823279437808235938169685503883146492991504384/95780971304118053647396689196894323976171195136475136 >= 0, bound is not positive']
DONE q=14 n=8 R=3 rc=0 prec=200 :: q=14 n=8 R=3  certified SDP value 1587395419762.202393  cube root 11665.276599  => K >= 11666   (phase=pdOPT theta=0.9999025052742283)
DONE q=7 n=10 R=2 rc=0 prec=200 :: q=7 n=10 R=2  certified SDP value 4910076205529197.000000  cube root 169966.270188  => K >= 169967   (phase=pdOPT theta=0.9883515758674015)
DONE q=18 n=7 R=3 rc=0 prec=200 :: q=18 n=7 R=3  certified SDP value 42154799428.062248  cube root 3480.291940  => K >= 3481   (phase=pdOPT theta=0.9999994257557709)
DONE q=9 n=10 R=3 rc=0 prec=200 :: q=9 n=10 R=3  certified SDP value 162532680895094.312500  cube root 54573.302133  => K >= 54574   (phase=pdOPT theta=0.9985375990609029)
DONE q=13 n=8 R=3 rc=0 prec=200 :: q=13 n=8 R=3  certified SDP value 549943391275.043701  cube root 8192.931601  => K >= 8193   (phase=pdOPT theta=0.999994020533773)
DONE q=15 n=8 R=3 rc=0 prec=200 :: q=15 n=8 R=3  certified SDP value 4277341498278.128418  cube root 16232.720407  => K >= 16233   (phase=pdOPT theta=0.9999463730469316)
DONE q=12 n=8 R=3 rc=0 prec=200 :: q=12 n=8 R=3  certified SDP value 176048479842.857727  cube root 5604.593169  => K >= 5605   (phase=pdOPT theta=0.9999976170163727)
DONE q=10 n=8 R=2 rc=1 prec=200 :: certificate evaluation failed: ['d_0 = 191155022352817385810401593498643068394191403739513584827236352/95780971304118053647396689196894323976171195136475136 >= 0, bound is not positive']
DONE q=16 n=8 R=3 rc=0 prec=200 :: q=16 n=8 R=3  certified SDP value 10844959069170.146484  cube root 22134.818867  => K >= 22135   (phase=pdOPT theta=0.9997655199651945)
DONE q=9 n=8 R=2 rc=0 prec=200 :: q=9 n=8 R=2  certified SDP value 13214374021726.685547  cube root 23641.890326  => K >= 23642   (phase=pdOPT theta=0.9999449366379416)
DONE q=5 n=8 R=2 rc=0 prec=200 :: q=5 n=8 R=2  certified SDP value 636348527.469009  cube root 860.131820  => K >= 861   (phase=pdOPT theta=1.0)
DONE q=9 n=9 R=2 rc=0 prec=200 :: q=9 n=9 R=2  certified SDP value 4516380886671085.000000  cube root 165296.447621  => K >= 165297   (phase=pdOPT theta=1.0)
DONE q=6 n=9 R=2 rc=0 prec=200 :: q=6 n=9 R=2  certified SDP value 1318047585825.543213  cube root 10964.202045  => K >= 10965   (phase=pdOPT theta=1.0)
DONE q=6 n=10 R=3 rc=0 prec=200 :: q=6 n=10 R=3  certified SDP value 51753082390.194534  cube root 3726.593943  => K >= 3727   (phase=noINFO theta=-2.0)
REROUND 7 10 2 rc=0 q=7 n=10 R=2  certified SDP value 4967944935201822.000000  cube root 170631.388366  => K >= 170632   (phase=pdOPT theta=1.0)
REROUND 21 8 3 rc=0 q=21 n=8 R=3  certified SDP value 563455132424261.500000  cube root 82594.877436  => K >= 82595   (phase=pdOPT theta=1.0)
REROUND 17 8 3 rc=0 q=17 n=8 R=3  certified SDP value 26068635045839.500000  cube root 29651.005863  => K >= 29652   (phase=pdOPT theta=1.0)
DONE q=14 n=6 R=2 rc=0 prec=200 :: q=14 n=6 R=2  certified SDP value 26029997635.023052  cube root 2963.634962  => K >= 2964   (phase=pdOPT theta=1.0)
DONE q=16 n=6 R=2 rc=0 prec=200 :: q=16 n=6 R=2  certified SDP value 121307713297.415665  cube root 4950.276668  => K >= 4951   (phase=pdOPT theta=1.0)
DONE q=13 n=6 R=2 rc=0 prec=200 :: q=13 n=6 R=2  certified SDP value 11130415850.862617  cube root 2232.734742  => K >= 2233   (phase=pdOPT theta=1.0)
DONE q=15 n=6 R=2 rc=0 prec=200 :: q=15 n=6 R=2  certified SDP value 57581629929.750748  cube root 3861.546937  => K >= 3862   (phase=pdOPT theta=1.0)
DONE q=17 n=6 R=2 rc=0 prec=200 :: q=17 n=6 R=2  certified SDP value 244740970517.960052  cube root 6255.118755  => K >= 6256   (phase=pdOPT theta=1.0)
DONE q=18 n=6 R=2 rc=0 prec=200 :: q=18 n=6 R=2  certified SDP value 475141755609.130859  cube root 7803.229846  => K >= 7804   (phase=pdOPT theta=1.0)
DONE q=19 n=6 R=2 rc=0 prec=200 :: q=19 n=6 R=2  certified SDP value 891175421360.982300  cube root 9623.234453  => K >= 9624   (phase=pdOPT theta=1.0)
DONE q=21 n=6 R=2 rc=0 prec=200 :: q=21 n=6 R=2  certified SDP value 2863876980829.185059  cube root 14200.973584  => K >= 14201   (phase=pdOPT theta=1.0)
DONE q=20 n=6 R=2 rc=0 prec=200 :: q=20 n=6 R=2  certified SDP value 1620259395999.089844  cube root 11745.229743  => K >= 11746   (phase=pdOPT theta=1.0)
DONE q=6 n=7 R=1 rc=0 prec=200 :: q=6 n=7 R=1  certified SDP value 470184984576.000000  cube root 7776.000000  => K >= 7776   (phase=pdOPT theta=1.0)
DONE q=11 n=7 R=2 rc=0 prec=200 :: q=11 n=7 R=2  certified SDP value 776686957562.049316  cube root 9192.112638  => K >= 9193   (phase=pdOPT theta=1.0)
DONE q=14 n=7 R=2 rc=0 prec=200 :: q=14 n=7 R=2  certified SDP value 25421955407087.617188  cube root 29403.767780  => K >= 29404   (phase=pdOPT theta=1.0)
DONE q=13 n=7 R=2 rc=0 prec=200 :: q=13 n=7 R=2  certified SDP value 8671805214689.104492  cube root 20544.859302  => K >= 20545   (phase=pdOPT theta=1.0)
DONE q=16 n=7 R=2 rc=0 prec=200 :: q=16 n=7 R=2  certified SDP value 177847097987934.437500  cube root 56236.151770  => K >= 56237   (phase=pdOPT theta=1.0)
DONE q=17 n=7 R=2 rc=0 prec=200 :: q=17 n=7 R=2  certified SDP value 431371257290463.750000  cube root 75558.570827  => K >= 75559   (phase=pdOPT theta=1.0)
DONE q=13 n=8 R=2 rc=0 prec=200 :: q=13 n=8 R=2  certified SDP value 7956013702275437.000000  cube root 199632.773656  => K >= 199633   (phase=pdOPT theta=1.0)
DONE q=12 n=8 R=2 rc=0 prec=200 :: q=12 n=8 R=2  certified SDP value 1960445800842712.500000  cube root 125155.982360  => K >= 125156   (phase=pdOPT theta=1.0)
DONE q=11 n=8 R=2 rc=0 prec=200 :: q=11 n=8 R=2  certified SDP value 429479007558804.125000  cube root 75447.927344  => K >= 75448   (phase=pdOPT theta=1.0)
DONE q=19 n=7 R=2 rc=0 prec=200 :: q=19 n=7 R=2  certified SDP value 2201097557389809.750000  cube root 130080.769480  => K >= 130081   (phase=pdOPT theta=1.0)
DONE q=20 n=7 R=2 rc=0 prec=200 :: q=20 n=7 R=2  certified SDP value 4674494998645309.000000  cube root 167203.321251  => K >= 167204   (phase=pdOPT theta=1.0)
DONE q=21 n=7 R=2 rc=0 prec=200 :: q=21 n=7 R=2  certified SDP value 9577426006056482.000000  cube root 212364.996647  => K >= 212365   (phase=pdOPT theta=1.0)
DONE q=18 n=7 R=2 rc=0 prec=200 :: q=18 n=7 R=2  certified SDP value 996123323830571.500000  cube root 99870.610116  => K >= 99871   (phase=pdOPT theta=1.0)
DONE q=10 n=10 R=3 rc=0 prec=200 :: q=10 n=10 R=3  certified SDP value 1341798408733096.750000  cube root 110296.675954  => K >= 110297   (phase=pdOPT theta=1.0)
DONE q=15 n=8 R=2 rc=0 prec=200 :: q=15 n=8 R=2  certified SDP value 98159168583203072.000000  cube root 461293.098484  => K >= 461294   (phase=pdOPT theta=1.0)
DONE q=14 n=8 R=2 rc=0 prec=200 :: q=14 n=8 R=2  certified SDP value 29192199413191880.000000  cube root 307908.921365  => K >= 307909   (phase=pdOPT theta=1.0)
DONE q=16 n=8 R=2 rc=0 prec=200 :: q=16 n=8 R=2  certified SDP value 305803457327468928.000000  cube root 673722.105210  => K >= 673723   (phase=pdOPT theta=1.0)
DONE q=17 n=8 R=2 rc=0 prec=200 :: q=17 n=8 R=2  certified SDP value 890679708782178816.000000  cube root 962144.982702  => K >= 962145   (phase=pdOPT theta=1.0)
DONE q=18 n=8 R=2 rc=0 prec=200 :: q=18 n=8 R=2  certified SDP value 2443631399970068992.000000  cube root 1346930.639955  => K >= 1346931   (phase=pdOPT theta=1.0)
DONE q=19 n=8 R=2 rc=0 prec=200 :: q=19 n=8 R=2  certified SDP value 6355219046772817920.000000  cube root 1852295.086486  => K >= 1852296   (phase=pdOPT theta=1.0)
DONE q=6 n=8 R=1 rc=0 prec=200 :: q=6 n=8 R=1  certified SDP value 71784327522324.437500  cube root 41560.096321  => K >= 41561   (phase=pdOPT theta=1.0)
DONE q=21 n=8 R=2 rc=0 prec=200 :: q=21 n=8 R=2  certified SDP value 37381278742694436864.000000  cube root 3343628.753065  => K >= 3343629   (phase=pdOPT theta=1.0)
RETRY 6 10 3 lstar=1.0E2 OK q=6 n=10 R=3  certified SDP value 56420992284.511337  cube root 3835.425694  => K >= 3836   (phase=pdOPT theta=1.0)
DONE q=20 n=8 R=2 rc=0 prec=200 :: q=20 n=8 R=2  certified SDP value 15752056753460297728.000000  cube root 2506758.075092  => K >= 2506759   (phase=pdOPT theta=1.0)
DONE q=10 n=10 R=4 rc=0 prec=200 :: q=10 n=10 R=4  certified SDP value 330635970669.714966  cube root 6914.859600  => K >= 6915   (phase=pdOPT theta=1.0)
DONE q=6 n=9 R=3 rc=0 prec=200 :: q=6 n=9 R=3  certified SDP value 792470499.517220  cube root 925.396178  => K >= 926   (phase=pdOPT theta=1.0)
DONE q=8 n=9 R=4 rc=0 prec=200 :: q=8 n=9 R=4  certified SDP value 78594541.231205  cube root 428.348708  => K >= 429   (phase=pdOPT theta=1.0)
REROUND 9 10 3 rc=0 q=9 n=10 R=3  certified SDP value 162770716944411.312500  cube root 54599.930781  => K >= 54600   (phase=pdOPT theta=1.0)
DONE q=7 n=8 R=3 rc=0 prec=200 :: q=7 n=8 R=3  certified SDP value 104090343.814129  cube root 470.403070  => K >= 471   (phase=pdOPT theta=1.0)
DONE q=8 n=8 R=3 rc=0 prec=200 :: q=8 n=8 R=3  certified SDP value 625541559.122937  cube root 855.234850  => K >= 856   (phase=pdOPT theta=1.0)
DONE q=9 n=9 R=4 rc=0 prec=200 :: q=9 n=9 R=4  certified SDP value 375202303.399135  cube root 721.254438  => K >= 722   (phase=pdOPT theta=1.0)
REROUND 7 9 2 rc=0 q=7 n=9 R=2  certified SDP value 28545639281567.390625  cube root 30561.870032  => K >= 30562   (phase=pdOPT theta=1.0)
DONE q=10 n=9 R=4 rc=0 prec=200 :: q=10 n=9 R=4  certified SDP value 1559429245.589797  cube root 1159.636540  => K >= 1160   (phase=pdOPT theta=1.0)
DONE q=10 n=10 R=2 rc=0 prec=200 :: q=10 n=10 R=2  certified SDP value 19668726168902258688.000000  cube root 2699347.174994  => K >= 2699348   (phase=pdOPT theta=1.0)
DONE q=8 n=10 R=2 rc=0 prec=200 :: q=8 n=10 R=2  certified SDP value 109098260103957952.000000  cube root 477829.114560  => K >= 477830   (phase=pdOPT theta=1.0)
REROUND 9 9 3 rc=0 q=9 n=9 R=3  certified SDP value 654929318833.889404  cube root 8684.233208  => K >= 8685   (phase=pdOPT theta=1.0)
REROUND 7 9 3 rc=0 q=7 n=9 R=3  certified SDP value 9833106683.953060  cube root 2142.382031  => K >= 2143   (phase=pdOPT theta=1.0)
REROUND 19 7 3 rc=0 q=19 n=7 R=3  certified SDP value 78489761764.701920  cube root 4281.582700  => K >= 4282   (phase=pdOPT theta=1.0)
REROUND 20 7 3 rc=0 q=20 n=7 R=3  certified SDP value 141805510629.587006  cube root 5214.720501  => K >= 5215   (phase=pdOPT theta=1.0)
REROUND 20 8 3 rc=0 q=20 n=8 R=3  certified SDP value 276533350307228.906250  cube root 65150.212778  => K >= 65151   (phase=pdOPT theta=1.0)
DONE q=6 n=10 R=4 rc=0 prec=200 :: q=6 n=10 R=4  certified SDP value 85617976.090960  cube root 440.745939  => K >= 441   (phase=pdOPT theta=1.0)
REROUND 9 8 3 rc=0 q=9 n=8 R=3  certified SDP value 3133484564.067469  cube root 1463.330821  => K >= 1464   (phase=pdOPT theta=1.0)
REROUND 14 8 3 rc=0 q=14 n=8 R=3  certified SDP value 1587550197533.359619  cube root 11665.655725  => K >= 11666   (phase=pdOPT theta=1.0)
REROUND 7 8 2 rc=0 q=7 n=8 R=2  certified SDP value 178484959096.665222  cube root 5630.330319  => K >= 5631   (phase=pdOPT theta=1.0)
REROUND 8 8 2 rc=0 q=8 n=8 R=2  certified SDP value 1741971113834.489990  cube root 12032.253771  => K >= 12033   (phase=pdOPT theta=1.0)
REROUND 6 8 2 rc=0 q=6 n=8 R=2  certified SDP value 13260390675.322559  cube root 2366.930139  => K >= 2367   (phase=pdOPT theta=1.0)
REROUND 7 7 2 rc=0 q=7 n=7 R=2  certified SDP value 1260367661.176220  cube root 1080.187342  => K >= 1081   (phase=pdOPT theta=1.0)
