
======================================================================
cell K_6(10,5)  q^n=60466176  ball=934926
  Keri 2011: 83 - 615  (upper key f)
  sphere-covering bound: M >= 65

--- M = 529  (07:49:00) ---
    |     0.0s cell K6(10,5)@529  q^n=60466176 ball=934926 redundancy=8.18 budget=1200s cores=14
    |     0.0s   phase A: descent seed K6_10_5_M530.txt (530 words)
    |     0.1s   phase A: lincov not applicable (q=6 prime power? False; M=529)
    |     0.1s   phase B: 14 chains x 1 thread(s)  (2 symmetric, 9 seeded)  redundancy=8.18 init~44.5s wide=True restart=False slice=1200s
    |    21.9s   a chain reports a full cover; confirming by recount
    engine finished in 22s, uncovered=0
  VERIFIED and stored: /lambda/nfs/new-fs/longshots/cov/results/K6_10_5_M529.txt  (M=529)
  *** THIS BEATS THE KERI 2011 UPPER BOUND 615 -> 529 ***

--- M = 528  (07:51:39) ---
    |     0.0s cell K6(10,5)@528  q^n=60466176 ball=934926 redundancy=8.16 budget=1200s cores=14
    |     0.0s   phase A: descent seed K6_10_5_M529.txt (529 words)
    |     0.1s   phase A: lincov not applicable (q=6 prime power? False; M=528)
    |     0.1s   phase B: 14 chains x 1 thread(s)  (2 symmetric, 9 seeded)  redundancy=8.16 init~44.4s wide=True restart=False slice=1200s
    |    24.3s   a chain reports a full cover; confirming by recount
    engine finished in 24s, uncovered=0
  VERIFIED and stored: /lambda/nfs/new-fs/longshots/cov/results/K6_10_5_M528.txt  (M=528)
  *** THIS BEATS THE KERI 2011 UPPER BOUND 615 -> 528 ***

--- M = 527  (07:54:47) ---
    |     0.0s cell K6(10,5)@527  q^n=60466176 ball=934926 redundancy=8.15 budget=1200s cores=14
    |     0.1s   phase A: descent seed K6_10_5_M528.txt (528 words)
    |     0.1s   phase A: lincov not applicable (q=6 prime power? False; M=527)
    |     0.1s   phase B: 14 chains x 1 thread(s)  (2 symmetric, 9 seeded)  redundancy=8.15 init~44.3s wide=True restart=False slice=1200s
    |    16.8s   a chain reports a full cover; confirming by recount
    engine finished in 17s, uncovered=0
  VERIFIED and stored: /lambda/nfs/new-fs/longshots/cov/results/K6_10_5_M527.txt  (M=527)
  *** THIS BEATS THE KERI 2011 UPPER BOUND 615 -> 527 ***

--- M = 526  (07:56:48) ---
    |     0.0s cell K6(10,5)@526  q^n=60466176 ball=934926 redundancy=8.13 budget=1200s cores=14
    |     0.0s   phase A: descent seed K6_10_5_M527.txt (527 words)
    |     0.1s   phase A: lincov not applicable (q=6 prime power? False; M=526)
    |     0.1s   phase B: 14 chains x 1 thread(s)  (2 symmetric, 9 seeded)  redundancy=8.13 init~44.3s wide=True restart=False slice=1200s
    |     7.9s   a chain reports a full cover; confirming by recount
    engine finished in 8s, uncovered=0
  VERIFIED and stored: /lambda/nfs/new-fs/longshots/cov/results/K6_10_5_M526.txt  (M=526)
  *** THIS BEATS THE KERI 2011 UPPER BOUND 615 -> 526 ***

--- M = 525  (07:58:20) ---
    |     0.0s cell K6(10,5)@525  q^n=60466176 ball=934926 redundancy=8.12 budget=1200s cores=14
    |     0.0s   phase A: descent seed K6_10_5_M526.txt (526 words)
    |     0.1s   phase A: lincov not applicable (q=6 prime power? False; M=525)
    |     0.1s   phase B: 14 chains x 1 thread(s)  (2 symmetric, 9 seeded)  redundancy=8.12 init~44.2s wide=True restart=False slice=1200s
    |     8.8s   a chain reports a full cover; confirming by recount
    engine finished in 9s, uncovered=0
  VERIFIED and stored: /lambda/nfs/new-fs/longshots/cov/results/K6_10_5_M525.txt  (M=525)
  *** THIS BEATS THE KERI 2011 UPPER BOUND 615 -> 525 ***

--- M = 524  (07:59:54) ---
    |     0.0s cell K6(10,5)@524  q^n=60466176 ball=934926 redundancy=8.10 budget=1200s cores=14
    |     0.0s   phase A: descent seed K6_10_5_M525.txt (525 words)
    |     0.1s   phase A: lincov not applicable (q=6 prime power? False; M=524)
    |     0.1s   phase B: 14 chains x 1 thread(s)  (2 symmetric, 9 seeded)  redundancy=8.10 init~44.1s wide=True restart=False slice=1200s
    |     8.6s   a chain reports a full cover; confirming by recount
    engine finished in 9s, uncovered=0
  VERIFIED and stored: /lambda/nfs/new-fs/longshots/cov/results/K6_10_5_M524.txt  (M=524)
  *** THIS BEATS THE KERI 2011 UPPER BOUND 615 -> 524 ***

--- M = 523  (08:01:37) ---
    |     0.0s cell K6(10,5)@523  q^n=60466176 ball=934926 redundancy=8.09 budget=1200s cores=14
    |     0.0s   phase A: descent seed K6_10_5_M524.txt (524 words)
    |     0.1s   phase A: lincov not applicable (q=6 prime power? False; M=523)
    |     0.1s   phase B: 14 chains x 1 thread(s)  (2 symmetric, 9 seeded)  redundancy=8.09 init~44.0s wide=True restart=False slice=1200s
    |     6.6s   a chain reports a full cover; confirming by recount
    engine finished in 7s, uncovered=0
  VERIFIED and stored: /lambda/nfs/new-fs/longshots/cov/results/K6_10_5_M523.txt  (M=523)
  *** THIS BEATS THE KERI 2011 UPPER BOUND 615 -> 523 ***

--- M = 522  (08:03:22) ---
    |     0.0s cell K6(10,5)@522  q^n=60466176 ball=934926 redundancy=8.07 budget=1200s cores=14
    |     0.0s   phase A: descent seed K6_10_5_M523.txt (523 words)
    |     0.1s   phase A: lincov not applicable (q=6 prime power? False; M=522)
    |     0.1s   phase B: 14 chains x 1 thread(s)  (2 symmetric, 9 seeded)  redundancy=8.07 init~43.9s wide=True restart=False slice=1200s
    |    10.7s   a chain reports a full cover; confirming by recount
    engine finished in 11s, uncovered=0
  VERIFIED and stored: /lambda/nfs/new-fs/longshots/cov/results/K6_10_5_M522.txt  (M=522)
  *** THIS BEATS THE KERI 2011 UPPER BOUND 615 -> 522 ***

--- M = 521  (08:05:08) ---
    |     0.0s cell K6(10,5)@521  q^n=60466176 ball=934926 redundancy=8.06 budget=1200s cores=14
    |     0.0s   phase A: descent seed K6_10_5_M522.txt (522 words)
    |     0.1s   phase A: lincov not applicable (q=6 prime power? False; M=521)
    |     0.1s   phase B: 14 chains x 1 thread(s)  (2 symmetric, 9 seeded)  redundancy=8.06 init~43.8s wide=True restart=False slice=1200s
    |    11.0s   a chain reports a full cover; confirming by recount
    engine finished in 11s, uncovered=0
  VERIFIED and stored: /lambda/nfs/new-fs/longshots/cov/results/K6_10_5_M521.txt  (M=521)
  *** THIS BEATS THE KERI 2011 UPPER BOUND 615 -> 521 ***

--- M = 520  (08:07:13) ---
    |     0.0s cell K6(10,5)@520  q^n=60466176 ball=934926 redundancy=8.04 budget=1200s cores=14
    |     0.0s   phase A: descent seed K6_10_5_M521.txt (521 words)
    |     0.1s   phase A: lincov not applicable (q=6 prime power? False; M=520)
    |     0.1s   phase B: 14 chains x 1 thread(s)  (2 symmetric, 9 seeded)  redundancy=8.04 init~43.8s wide=True restart=False slice=1200s
    |    13.2s   a chain reports a full cover; confirming by recount
    engine finished in 13s, uncovered=0
  VERIFIED and stored: /lambda/nfs/new-fs/longshots/cov/results/K6_10_5_M520.txt  (M=520)
  *** THIS BEATS THE KERI 2011 UPPER BOUND 615 -> 520 ***

--- M = 519  (08:09:52) ---
    |     0.0s cell K6(10,5)@519  q^n=60466176 ball=934926 redundancy=8.02 budget=1200s cores=14
    |     0.0s   phase A: descent seed K6_10_5_M520.txt (520 words)
    |     0.2s   phase A: lincov not applicable (q=6 prime power? False; M=519)
    |     0.2s   phase B: 14 chains x 1 thread(s)  (2 symmetric, 9 seeded)  redundancy=8.02 init~43.7s wide=True restart=False slice=1200s
    |    29.8s   a chain reports a full cover; confirming by recount
    engine finished in 30s, uncovered=0
  VERIFIED and stored: /lambda/nfs/new-fs/longshots/cov/results/K6_10_5_M519.txt  (M=519)
  *** THIS BEATS THE KERI 2011 UPPER BOUND 615 -> 519 ***

--- M = 518  (08:13:54) ---
    |     0.0s cell K6(10,5)@518  q^n=60466176 ball=934926 redundancy=8.01 budget=1200s cores=14
    |     0.0s   phase A: descent seed K6_10_5_M519.txt (519 words)
    |     0.1s   phase A: lincov not applicable (q=6 prime power? False; M=518)
    |     0.1s   phase B: 14 chains x 1 thread(s)  (2 symmetric, 9 seeded)  redundancy=8.01 init~43.6s wide=True restart=False slice=1200s
    |    23.5s   a chain reports a full cover; confirming by recount
    engine finished in 24s, uncovered=0
  VERIFIED and stored: /lambda/nfs/new-fs/longshots/cov/results/K6_10_5_M518.txt  (M=518)
  *** THIS BEATS THE KERI 2011 UPPER BOUND 615 -> 518 ***

--- M = 517  (08:16:49) ---
    |     0.0s cell K6(10,5)@517  q^n=60466176 ball=934926 redundancy=7.99 budget=1200s cores=14
    |     0.0s   phase A: descent seed K6_10_5_M518.txt (518 words)
    |     0.1s   phase A: lincov not applicable (q=6 prime power? False; M=517)
    |     0.1s   phase B: 14 chains x 1 thread(s)  (2 symmetric, 9 seeded)  redundancy=7.99 init~43.5s wide=True restart=False slice=1200s
    |    14.1s   a chain reports a full cover; confirming by recount
    engine finished in 14s, uncovered=0
  VERIFIED and stored: /lambda/nfs/new-fs/longshots/cov/results/K6_10_5_M517.txt  (M=517)
  *** THIS BEATS THE KERI 2011 UPPER BOUND 615 -> 517 ***

--- M = 516  (08:18:38) ---
    |     0.0s cell K6(10,5)@516  q^n=60466176 ball=934926 redundancy=7.98 budget=1200s cores=14
    |     0.0s   phase A: descent seed K6_10_5_M517.txt (517 words)
    |     0.1s   phase A: lincov not applicable (q=6 prime power? False; M=516)
    |     0.1s   phase B: 14 chains x 1 thread(s)  (2 symmetric, 9 seeded)  redundancy=7.98 init~43.4s wide=True restart=False slice=1200s
    |     9.9s   a chain reports a full cover; confirming by recount
    engine finished in 10s, uncovered=0
  VERIFIED and stored: /lambda/nfs/new-fs/longshots/cov/results/K6_10_5_M516.txt  (M=516)
  *** THIS BEATS THE KERI 2011 UPPER BOUND 615 -> 516 ***

--- M = 515  (08:20:20) ---
    |     0.0s cell K6(10,5)@515  q^n=60466176 ball=934926 redundancy=7.96 budget=1200s cores=14
    |     0.0s   phase A: descent seed K6_10_5_M516.txt (516 words)
    |     0.1s   phase A: lincov not applicable (q=6 prime power? False; M=515)
    |     0.1s   phase B: 14 chains x 1 thread(s)  (2 symmetric, 9 seeded)  redundancy=7.96 init~43.3s wide=True restart=False slice=1200s
    |    12.8s   a chain reports a full cover; confirming by recount
    engine finished in 13s, uncovered=0
  VERIFIED and stored: /lambda/nfs/new-fs/longshots/cov/results/K6_10_5_M515.txt  (M=515)
  *** THIS BEATS THE KERI 2011 UPPER BOUND 615 -> 515 ***

--- M = 514  (08:22:03) ---
    |     0.0s cell K6(10,5)@514  q^n=60466176 ball=934926 redundancy=7.95 budget=1200s cores=14
    |     0.0s   phase A: descent seed K6_10_5_M515.txt (515 words)
    |     0.1s   phase A: lincov not applicable (q=6 prime power? False; M=514)
    |     0.1s   phase B: 14 chains x 1 thread(s)  (2 symmetric, 9 seeded)  redundancy=7.95 init~43.2s wide=True restart=False slice=1200s
    |     9.5s   a chain reports a full cover; confirming by recount
    engine finished in 10s, uncovered=0
  VERIFIED and stored: /lambda/nfs/new-fs/longshots/cov/results/K6_10_5_M514.txt  (M=514)
  *** THIS BEATS THE KERI 2011 UPPER BOUND 615 -> 514 ***

--- M = 513  (08:23:53) ---
    |     0.0s cell K6(10,5)@513  q^n=60466176 ball=934926 redundancy=7.93 budget=1200s cores=14
    |     0.0s   phase A: descent seed K6_10_5_M514.txt (514 words)
    |     0.1s   phase A: lincov not applicable (q=6 prime power? False; M=513)
    |     0.1s   phase B: 14 chains x 1 thread(s)  (2 symmetric, 9 seeded)  redundancy=7.93 init~43.2s wide=True restart=False slice=1200s
    |    12.8s   a chain reports a full cover; confirming by recount
    engine finished in 13s, uncovered=0
  VERIFIED and stored: /lambda/nfs/new-fs/longshots/cov/results/K6_10_5_M513.txt  (M=513)
  *** THIS BEATS THE KERI 2011 UPPER BOUND 615 -> 513 ***

--- M = 512  (08:26:11) ---
    |     0.0s cell K6(10,5)@512  q^n=60466176 ball=934926 redundancy=7.92 budget=1200s cores=14
    |     0.0s   phase A: descent seed K6_10_5_M513.txt (513 words)
    |     0.2s   phase A: lincov not applicable (q=6 prime power? False; M=512)
    |     0.2s   phase B: 14 chains x 1 thread(s)  (2 symmetric, 9 seeded)  redundancy=7.92 init~43.1s wide=True restart=False slice=1200s
    |    43.3s   a chain reports a full cover; confirming by recount
    engine finished in 43s, uncovered=0
  VERIFIED and stored: /lambda/nfs/new-fs/longshots/cov/results/K6_10_5_M512.txt  (M=512)
  *** THIS BEATS THE KERI 2011 UPPER BOUND 615 -> 512 ***

--- M = 511  (08:30:30) ---
    |     0.0s cell K6(10,5)@511  q^n=60466176 ball=934926 redundancy=7.90 budget=1200s cores=14
    |     0.0s   phase A: descent seed K6_10_5_M512.txt (512 words)
    |     0.1s   phase A: lincov not applicable (q=6 prime power? False; M=511)
    |     0.1s   phase B: 14 chains x 1 thread(s)  (2 symmetric, 9 seeded)  redundancy=7.90 init~43.0s wide=True restart=False slice=1200s
    |    28.7s   a chain reports a full cover; confirming by recount
    engine finished in 29s, uncovered=0
  VERIFIED and stored: /lambda/nfs/new-fs/longshots/cov/results/K6_10_5_M511.txt  (M=511)
  *** THIS BEATS THE KERI 2011 UPPER BOUND 615 -> 511 ***

--- M = 510  (08:34:14) ---
    |     0.0s cell K6(10,5)@510  q^n=60466176 ball=934926 redundancy=7.89 budget=1200s cores=14
    |     0.1s   phase A: descent seed K6_10_5_M511.txt (511 words)
    |     0.3s   phase A: lincov not applicable (q=6 prime power? False; M=510)
    |     0.3s   phase B: 14 chains x 1 thread(s)  (2 symmetric, 9 seeded)  redundancy=7.89 init~42.9s wide=True restart=False slice=1200s
    |    24.6s   a chain reports a full cover; confirming by recount
    engine finished in 25s, uncovered=0
  VERIFIED and stored: /lambda/nfs/new-fs/longshots/cov/results/K6_10_5_M510.txt  (M=510)
  *** THIS BEATS THE KERI 2011 UPPER BOUND 615 -> 510 ***

--- M = 509  (08:37:31) ---
    |     0.0s cell K6(10,5)@509  q^n=60466176 ball=934926 redundancy=7.87 budget=1200s cores=14
    |     0.1s   phase A: descent seed K6_10_5_M510.txt (510 words)
    |     0.3s   phase A: lincov not applicable (q=6 prime power? False; M=509)
    |     0.3s   phase B: 14 chains x 1 thread(s)  (2 symmetric, 9 seeded)  redundancy=7.87 init~42.8s wide=True restart=False slice=1200s
    |    32.5s   a chain reports a full cover; confirming by recount
    engine finished in 33s, uncovered=0
  VERIFIED and stored: /lambda/nfs/new-fs/longshots/cov/results/K6_10_5_M509.txt  (M=509)
  *** THIS BEATS THE KERI 2011 UPPER BOUND 615 -> 509 ***

--- M = 508  (08:40:39) ---
    |     0.0s cell K6(10,5)@508  q^n=60466176 ball=934926 redundancy=7.85 budget=1200s cores=14
    |     0.0s   phase A: descent seed K6_10_5_M509.txt (509 words)
    |     0.2s   phase A: lincov not applicable (q=6 prime power? False; M=508)
    |     0.2s   phase B: 14 chains x 1 thread(s)  (2 symmetric, 9 seeded)  redundancy=7.85 init~42.7s wide=True restart=False slice=1200s
    |    35.8s   a chain reports a full cover; confirming by recount
    engine finished in 36s, uncovered=0
  VERIFIED and stored: /lambda/nfs/new-fs/longshots/cov/results/K6_10_5_M508.txt  (M=508)
  *** THIS BEATS THE KERI 2011 UPPER BOUND 615 -> 508 ***

--- M = 507  (08:42:46) ---
    |     0.0s cell K6(10,5)@507  q^n=60466176 ball=934926 redundancy=7.84 budget=1200s cores=14
    |     0.0s   phase A: descent seed K6_10_5_M508.txt (508 words)
    |     0.1s   phase A: lincov not applicable (q=6 prime power? False; M=507)
    |     0.1s   phase B: 14 chains x 1 thread(s)  (2 symmetric, 9 seeded)  redundancy=7.84 init~42.7s wide=True restart=False slice=1200s
    |    10.9s   a chain reports a full cover; confirming by recount
    engine finished in 11s, uncovered=0
  VERIFIED and stored: /lambda/nfs/new-fs/longshots/cov/results/K6_10_5_M507.txt  (M=507)
  *** THIS BEATS THE KERI 2011 UPPER BOUND 615 -> 507 ***

--- M = 506  (08:44:20) ---
    |     0.0s cell K6(10,5)@506  q^n=60466176 ball=934926 redundancy=7.82 budget=1200s cores=14
    |     0.0s   phase A: descent seed K6_10_5_M507.txt (507 words)
    |     0.1s   phase A: lincov not applicable (q=6 prime power? False; M=506)
    |     0.1s   phase B: 14 chains x 1 thread(s)  (2 symmetric, 9 seeded)  redundancy=7.82 init~42.6s wide=True restart=False slice=1200s
    |    13.7s   a chain reports a full cover; confirming by recount
    engine finished in 14s, uncovered=0
  VERIFIED and stored: /lambda/nfs/new-fs/longshots/cov/results/K6_10_5_M506.txt  (M=506)
  *** THIS BEATS THE KERI 2011 UPPER BOUND 615 -> 506 ***

--- M = 505  (08:45:56) ---
    |     0.0s cell K6(10,5)@505  q^n=60466176 ball=934926 redundancy=7.81 budget=1200s cores=14
    |     0.0s   phase A: descent seed K6_10_5_M506.txt (506 words)
    |     0.1s   phase A: lincov not applicable (q=6 prime power? False; M=505)
    |     0.1s   phase B: 14 chains x 1 thread(s)  (2 symmetric, 9 seeded)  redundancy=7.81 init~42.5s wide=True restart=False slice=1200s
    |    12.3s   a chain reports a full cover; confirming by recount
    engine finished in 12s, uncovered=0
  VERIFIED and stored: /lambda/nfs/new-fs/longshots/cov/results/K6_10_5_M505.txt  (M=505)
  *** THIS BEATS THE KERI 2011 UPPER BOUND 615 -> 505 ***

--- M = 504  (08:47:30) ---
    |     0.0s cell K6(10,5)@504  q^n=60466176 ball=934926 redundancy=7.79 budget=1200s cores=14
    |     0.0s   phase A: descent seed K6_10_5_M505.txt (505 words)
    |     0.1s   phase A: lincov not applicable (q=6 prime power? False; M=504)
    |     0.1s   phase B: 14 chains x 1 thread(s)  (2 symmetric, 9 seeded)  redundancy=7.79 init~42.4s wide=True restart=False slice=1200s
    |    18.3s   a chain reports a full cover; confirming by recount
    engine finished in 18s, uncovered=0
  VERIFIED and stored: /lambda/nfs/new-fs/longshots/cov/results/K6_10_5_M504.txt  (M=504)
  *** THIS BEATS THE KERI 2011 UPPER BOUND 615 -> 504 ***

--- M = 503  (08:49:12) ---
    |     0.0s cell K6(10,5)@503  q^n=60466176 ball=934926 redundancy=7.78 budget=1200s cores=14
    |     0.0s   phase A: descent seed K6_10_5_M504.txt (504 words)
    |     0.1s   phase A: lincov not applicable (q=6 prime power? False; M=503)
    |     0.1s   phase B: 14 chains x 1 thread(s)  (2 symmetric, 9 seeded)  redundancy=7.78 init~42.3s wide=True restart=False slice=1200s
    |    11.7s   a chain reports a full cover; confirming by recount
    engine finished in 12s, uncovered=0
  VERIFIED and stored: /lambda/nfs/new-fs/longshots/cov/results/K6_10_5_M503.txt  (M=503)
  *** THIS BEATS THE KERI 2011 UPPER BOUND 615 -> 503 ***

--- M = 502  (08:50:48) ---
    |     0.0s cell K6(10,5)@502  q^n=60466176 ball=934926 redundancy=7.76 budget=1200s cores=14
    |     0.0s   phase A: descent seed K6_10_5_M503.txt (503 words)
    |     0.1s   phase A: lincov not applicable (q=6 prime power? False; M=502)
    |     0.1s   phase B: 14 chains x 1 thread(s)  (2 symmetric, 9 seeded)  redundancy=7.76 init~42.2s wide=True restart=False slice=1200s
    |    29.5s   a chain reports a full cover; confirming by recount
    engine finished in 30s, uncovered=0
  VERIFIED and stored: /lambda/nfs/new-fs/longshots/cov/results/K6_10_5_M502.txt  (M=502)
  *** THIS BEATS THE KERI 2011 UPPER BOUND 615 -> 502 ***

--- M = 501  (08:52:39) ---
    |     0.0s cell K6(10,5)@501  q^n=60466176 ball=934926 redundancy=7.75 budget=1200s cores=14
    |     0.0s   phase A: descent seed K6_10_5_M502.txt (502 words)
    |     0.1s   phase A: lincov not applicable (q=6 prime power? False; M=501)
    |     0.1s   phase B: 14 chains x 1 thread(s)  (2 symmetric, 9 seeded)  redundancy=7.75 init~42.2s wide=True restart=False slice=1200s
    |    16.6s   a chain reports a full cover; confirming by recount
    engine finished in 17s, uncovered=0
  VERIFIED and stored: /lambda/nfs/new-fs/longshots/cov/results/K6_10_5_M501.txt  (M=501)
  *** THIS BEATS THE KERI 2011 UPPER BOUND 615 -> 501 ***

--- M = 500  (08:55:28) ---
    |     0.0s cell K6(10,5)@500  q^n=60466176 ball=934926 redundancy=7.73 budget=1200s cores=14
    |     0.0s   phase A: descent seed K6_10_5_M501.txt (501 words)
    |     0.3s   phase A: lincov not applicable (q=6 prime power? False; M=500)
    |     0.3s   phase B: 14 chains x 1 thread(s)  (2 symmetric, 9 seeded)  redundancy=7.73 init~42.1s wide=True restart=False slice=1200s
    |    43.0s   a chain reports a full cover; confirming by recount
    engine finished in 43s, uncovered=0
  VERIFIED and stored: /lambda/nfs/new-fs/longshots/cov/results/K6_10_5_M500.txt  (M=500)
  *** THIS BEATS THE KERI 2011 UPPER BOUND 615 -> 500 ***

--- M = 499  (08:59:11) ---
    |     0.0s cell K6(10,5)@499  q^n=60466176 ball=934926 redundancy=7.72 budget=1200s cores=14
    |     0.1s   phase A: descent seed K6_10_5_M500.txt (500 words)
    |     0.3s   phase A: lincov not applicable (q=6 prime power? False; M=499)
    |     0.3s   phase B: 14 chains x 1 thread(s)  (2 symmetric, 9 seeded)  redundancy=7.72 init~42.0s wide=True restart=False slice=1200s
    |    46.6s   a chain reports a full cover; confirming by recount
    engine finished in 47s, uncovered=0
  VERIFIED and stored: /lambda/nfs/new-fs/longshots/cov/results/K6_10_5_M499.txt  (M=499)
  *** THIS BEATS THE KERI 2011 UPPER BOUND 615 -> 499 ***

--- M = 498  (09:02:02) ---
    |     0.0s cell K6(10,5)@498  q^n=60466176 ball=934926 redundancy=7.70 budget=1200s cores=14
    |     0.0s   phase A: descent seed K6_10_5_M499.txt (499 words)
    |     0.2s   phase A: lincov not applicable (q=6 prime power? False; M=498)
    |     0.2s   phase B: 14 chains x 1 thread(s)  (2 symmetric, 9 seeded)  redundancy=7.70 init~41.9s wide=True restart=False slice=1200s
    |    24.2s   a chain reports a full cover; confirming by recount
    engine finished in 24s, uncovered=0
  VERIFIED and stored: /lambda/nfs/new-fs/longshots/cov/results/K6_10_5_M498.txt  (M=498)
  *** THIS BEATS THE KERI 2011 UPPER BOUND 615 -> 498 ***

--- M = 497  (09:03:46) ---
    |     0.0s cell K6(10,5)@497  q^n=60466176 ball=934926 redundancy=7.68 budget=1200s cores=14
    |     0.0s   phase A: descent seed K6_10_5_M498.txt (498 words)
    |     0.1s   phase A: lincov not applicable (q=6 prime power? False; M=497)
    |     0.1s   phase B: 14 chains x 1 thread(s)  (2 symmetric, 9 seeded)  redundancy=7.68 init~41.8s wide=True restart=False slice=1200s
    |    11.8s   a chain reports a full cover; confirming by recount
    engine finished in 12s, uncovered=0
  VERIFIED and stored: /lambda/nfs/new-fs/longshots/cov/results/K6_10_5_M497.txt  (M=497)
  *** THIS BEATS THE KERI 2011 UPPER BOUND 615 -> 497 ***

--- M = 496  (09:05:17) ---
    |     0.0s cell K6(10,5)@496  q^n=60466176 ball=934926 redundancy=7.67 budget=1200s cores=14
    |     0.0s   phase A: descent seed K6_10_5_M497.txt (497 words)
    |     0.2s   phase A: lincov not applicable (q=6 prime power? False; M=496)
    |     0.2s   phase B: 14 chains x 1 thread(s)  (2 symmetric, 9 seeded)  redundancy=7.67 init~41.7s wide=True restart=False slice=1200s
    |    39.0s   a chain reports a full cover; confirming by recount
    engine finished in 39s, uncovered=0
  VERIFIED and stored: /lambda/nfs/new-fs/longshots/cov/results/K6_10_5_M496.txt  (M=496)
  *** THIS BEATS THE KERI 2011 UPPER BOUND 615 -> 496 ***

--- M = 495  (09:07:18) ---
    |     0.0s cell K6(10,5)@495  q^n=60466176 ball=934926 redundancy=7.65 budget=1200s cores=14
    |     0.0s   phase A: descent seed K6_10_5_M496.txt (496 words)
    |     0.1s   phase A: lincov not applicable (q=6 prime power? False; M=495)
    |     0.1s   phase B: 14 chains x 1 thread(s)  (2 symmetric, 9 seeded)  redundancy=7.65 init~41.7s wide=True restart=False slice=1200s
    |    43.8s   a chain reports a full cover; confirming by recount
    engine finished in 44s, uncovered=0
  VERIFIED and stored: /lambda/nfs/new-fs/longshots/cov/results/K6_10_5_M495.txt  (M=495)
  *** THIS BEATS THE KERI 2011 UPPER BOUND 615 -> 495 ***

--- M = 494  (09:09:26) ---
    |     0.0s cell K6(10,5)@494  q^n=60466176 ball=934926 redundancy=7.64 budget=1200s cores=14
    |     0.0s   phase A: descent seed K6_10_5_M495.txt (495 words)
    |     0.2s   phase A: lincov not applicable (q=6 prime power? False; M=494)
    |     0.2s   phase B: 14 chains x 1 thread(s)  (2 symmetric, 9 seeded)  redundancy=7.64 init~41.6s wide=True restart=False slice=1200s
    |    68.6s   a chain reports a full cover; confirming by recount
    engine finished in 69s, uncovered=0
  VERIFIED and stored: /lambda/nfs/new-fs/longshots/cov/results/K6_10_5_M494.txt  (M=494)
  *** THIS BEATS THE KERI 2011 UPPER BOUND 615 -> 494 ***

--- M = 493  (09:11:56) ---
    |     0.0s cell K6(10,5)@493  q^n=60466176 ball=934926 redundancy=7.62 budget=1200s cores=14
    |     0.1s   phase A: descent seed K6_10_5_M494.txt (494 words)
    |     0.2s   phase A: lincov not applicable (q=6 prime power? False; M=493)
    |     0.2s   phase B: 14 chains x 1 thread(s)  (2 symmetric, 9 seeded)  redundancy=7.62 init~41.5s wide=True restart=False slice=1200s
    |    22.2s   a chain reports a full cover; confirming by recount
    engine finished in 22s, uncovered=0
  VERIFIED and stored: /lambda/nfs/new-fs/longshots/cov/results/K6_10_5_M493.txt  (M=493)
  *** THIS BEATS THE KERI 2011 UPPER BOUND 615 -> 493 ***

--- M = 492  (09:14:06) ---
    |     0.0s cell K6(10,5)@492  q^n=60466176 ball=934926 redundancy=7.61 budget=1200s cores=14
    |     0.0s   phase A: descent seed K6_10_5_M493.txt (493 words)
    |     0.2s   phase A: lincov not applicable (q=6 prime power? False; M=492)
    |     0.2s   phase B: 14 chains x 1 thread(s)  (2 symmetric, 9 seeded)  redundancy=7.61 init~41.4s wide=True restart=False slice=1200s
    |    66.5s   a chain reports a full cover; confirming by recount
    engine finished in 67s, uncovered=0
  VERIFIED and stored: /lambda/nfs/new-fs/longshots/cov/results/K6_10_5_M492.txt  (M=492)
  *** THIS BEATS THE KERI 2011 UPPER BOUND 615 -> 492 ***

--- M = 491  (09:17:16) ---
    |     0.0s cell K6(10,5)@491  q^n=60466176 ball=934926 redundancy=7.59 budget=1200s cores=14
    |     0.0s   phase A: descent seed K6_10_5_M492.txt (492 words)
    |     0.2s   phase A: lincov not applicable (q=6 prime power? False; M=491)
    |     0.2s   phase B: 14 chains x 1 thread(s)  (2 symmetric, 9 seeded)  redundancy=7.59 init~41.3s wide=True restart=False slice=1200s
    |   569.5s   a chain reports a full cover; confirming by recount
    engine finished in 570s, uncovered=0
  VERIFIED and stored: /lambda/nfs/new-fs/longshots/cov/results/K6_10_5_M491.txt  (M=491)
  *** THIS BEATS THE KERI 2011 UPPER BOUND 615 -> 491 ***

--- M = 490  (09:28:49) ---
    |     0.0s cell K6(10,5)@490  q^n=60466176 ball=934926 redundancy=7.58 budget=1200s cores=14
    |     0.1s   phase A: descent seed K6_10_5_M491.txt (491 words)
    |     0.2s   phase A: lincov not applicable (q=6 prime power? False; M=490)
    |     0.2s   phase B: 14 chains x 1 thread(s)  (2 symmetric, 9 seeded)  redundancy=7.58 init~41.2s wide=True restart=False slice=1200s
    |   606.6s   a chain reports a full cover; confirming by recount
    engine finished in 607s, uncovered=0
  VERIFIED and stored: /lambda/nfs/new-fs/longshots/cov/results/K6_10_5_M490.txt  (M=490)
  *** THIS BEATS THE KERI 2011 UPPER BOUND 615 -> 490 ***

--- M = 489  (09:40:51) ---
    |     0.0s cell K6(10,5)@489  q^n=60466176 ball=934926 redundancy=7.56 budget=1200s cores=14
    |     0.1s   phase A: descent seed K6_10_5_M490.txt (490 words)
    |     0.2s   phase A: lincov not applicable (q=6 prime power? False; M=489)
    |     0.2s   phase B: 14 chains x 1 thread(s)  (2 symmetric, 9 seeded)  redundancy=7.56 init~41.1s wide=True restart=False slice=1200s
    |   710.9s   a chain reports a full cover; confirming by recount
    engine finished in 711s, uncovered=0
  VERIFIED and stored: /lambda/nfs/new-fs/longshots/cov/results/K6_10_5_M489.txt  (M=489)
  *** THIS BEATS THE KERI 2011 UPPER BOUND 615 -> 489 ***

--- M = 488  (09:54:03) ---
    |     0.0s cell K6(10,5)@488  q^n=60466176 ball=934926 redundancy=7.55 budget=1200s cores=14
    |     0.0s   phase A: descent seed K6_10_5_M489.txt (489 words)
    |     0.1s   phase A: lincov not applicable (q=6 prime power? False; M=488)
    |     0.1s   phase B: 14 chains x 1 thread(s)  (2 symmetric, 9 seeded)  redundancy=7.55 init~41.1s wide=True restart=False slice=1200s
    |   100.4s   a chain reports a full cover; confirming by recount
    engine finished in 100s, uncovered=0
  VERIFIED and stored: /lambda/nfs/new-fs/longshots/cov/results/K6_10_5_M488.txt  (M=488)
  *** THIS BEATS THE KERI 2011 UPPER BOUND 615 -> 488 ***

--- M = 487  (09:57:07) ---
    |     0.0s cell K6(10,5)@487  q^n=60466176 ball=934926 redundancy=7.53 budget=1200s cores=14
    |     0.0s   phase A: descent seed K6_10_5_M488.txt (488 words)
    |     0.1s   phase A: lincov not applicable (q=6 prime power? False; M=487)
    |     0.1s   phase B: 14 chains x 1 thread(s)  (2 symmetric, 9 seeded)  redundancy=7.53 init~41.0s wide=True restart=False slice=1200s
    |   839.2s   a chain reports a full cover; confirming by recount
    engine finished in 839s, uncovered=0
  VERIFIED and stored: /lambda/nfs/new-fs/longshots/cov/results/K6_10_5_M487.txt  (M=487)
  *** THIS BEATS THE KERI 2011 UPPER BOUND 615 -> 487 ***

--- M = 486  (10:12:25) ---
    |     0.0s cell K6(10,5)@486  q^n=60466176 ball=934926 redundancy=7.51 budget=1200s cores=14
    |     0.0s   phase A: descent seed K6_10_5_M487.txt (487 words)
    |     0.1s   phase A: lincov not applicable (q=6 prime power? False; M=486)
    |     0.1s   phase B: 14 chains x 1 thread(s)  (2 symmetric, 9 seeded)  redundancy=7.51 init~40.9s wide=True restart=False slice=1200s
    |   740.9s   a chain reports a full cover; confirming by recount
    engine finished in 741s, uncovered=0
  VERIFIED and stored: /lambda/nfs/new-fs/longshots/cov/results/K6_10_5_M486.txt  (M=486)
  *** THIS BEATS THE KERI 2011 UPPER BOUND 615 -> 486 ***

--- M = 485  (10:26:06) ---
    |     0.0s cell K6(10,5)@485  q^n=60466176 ball=934926 redundancy=7.50 budget=1200s cores=14
    |     0.0s   phase A: descent seed K6_10_5_M486.txt (486 words)
    |     0.1s   phase A: lincov not applicable (q=6 prime power? False; M=485)
    |     0.1s   phase B: 14 chains x 1 thread(s)  (2 symmetric, 9 seeded)  redundancy=7.50 init~40.8s wide=True restart=False slice=1200s
    engine finished in 1198s, uncovered=3
  round 1: best uncovered = 3
  M=485 not solved

=== recorded ===
  K_6(10,5) <= 529   K6_10_5_M529.txt   *** BEATS KERI 615 ***
  K_6(10,5) <= 528   K6_10_5_M528.txt   *** BEATS KERI 615 ***
  K_6(10,5) <= 527   K6_10_5_M527.txt   *** BEATS KERI 615 ***
  K_6(10,5) <= 526   K6_10_5_M526.txt   *** BEATS KERI 615 ***
  K_6(10,5) <= 525   K6_10_5_M525.txt   *** BEATS KERI 615 ***
  K_6(10,5) <= 524   K6_10_5_M524.txt   *** BEATS KERI 615 ***
  K_6(10,5) <= 523   K6_10_5_M523.txt   *** BEATS KERI 615 ***
  K_6(10,5) <= 522   K6_10_5_M522.txt   *** BEATS KERI 615 ***
  K_6(10,5) <= 521   K6_10_5_M521.txt   *** BEATS KERI 615 ***
  K_6(10,5) <= 520   K6_10_5_M520.txt   *** BEATS KERI 615 ***
  K_6(10,5) <= 519   K6_10_5_M519.txt   *** BEATS KERI 615 ***
  K_6(10,5) <= 518   K6_10_5_M518.txt   *** BEATS KERI 615 ***
  K_6(10,5) <= 517   K6_10_5_M517.txt   *** BEATS KERI 615 ***
  K_6(10,5) <= 516   K6_10_5_M516.txt   *** BEATS KERI 615 ***
  K_6(10,5) <= 515   K6_10_5_M515.txt   *** BEATS KERI 615 ***
  K_6(10,5) <= 514   K6_10_5_M514.txt   *** BEATS KERI 615 ***
  K_6(10,5) <= 513   K6_10_5_M513.txt   *** BEATS KERI 615 ***
  K_6(10,5) <= 512   K6_10_5_M512.txt   *** BEATS KERI 615 ***
  K_6(10,5) <= 511   K6_10_5_M511.txt   *** BEATS KERI 615 ***
  K_6(10,5) <= 510   K6_10_5_M510.txt   *** BEATS KERI 615 ***
  K_6(10,5) <= 509   K6_10_5_M509.txt   *** BEATS KERI 615 ***
  K_6(10,5) <= 508   K6_10_5_M508.txt   *** BEATS KERI 615 ***
  K_6(10,5) <= 507   K6_10_5_M507.txt   *** BEATS KERI 615 ***
  K_6(10,5) <= 506   K6_10_5_M506.txt   *** BEATS KERI 615 ***
  K_6(10,5) <= 505   K6_10_5_M505.txt   *** BEATS KERI 615 ***
  K_6(10,5) <= 504   K6_10_5_M504.txt   *** BEATS KERI 615 ***
  K_6(10,5) <= 503   K6_10_5_M503.txt   *** BEATS KERI 615 ***
  K_6(10,5) <= 502   K6_10_5_M502.txt   *** BEATS KERI 615 ***
  K_6(10,5) <= 501   K6_10_5_M501.txt   *** BEATS KERI 615 ***
  K_6(10,5) <= 500   K6_10_5_M500.txt   *** BEATS KERI 615 ***
  K_6(10,5) <= 499   K6_10_5_M499.txt   *** BEATS KERI 615 ***
  K_6(10,5) <= 498   K6_10_5_M498.txt   *** BEATS KERI 615 ***
  K_6(10,5) <= 497   K6_10_5_M497.txt   *** BEATS KERI 615 ***
  K_6(10,5) <= 496   K6_10_5_M496.txt   *** BEATS KERI 615 ***
  K_6(10,5) <= 495   K6_10_5_M495.txt   *** BEATS KERI 615 ***
  K_6(10,5) <= 494   K6_10_5_M494.txt   *** BEATS KERI 615 ***
  K_6(10,5) <= 493   K6_10_5_M493.txt   *** BEATS KERI 615 ***
  K_6(10,5) <= 492   K6_10_5_M492.txt   *** BEATS KERI 615 ***
  K_6(10,5) <= 491   K6_10_5_M491.txt   *** BEATS KERI 615 ***
  K_6(10,5) <= 490   K6_10_5_M490.txt   *** BEATS KERI 615 ***
  K_6(10,5) <= 489   K6_10_5_M489.txt   *** BEATS KERI 615 ***
  K_6(10,5) <= 488   K6_10_5_M488.txt   *** BEATS KERI 615 ***
  K_6(10,5) <= 487   K6_10_5_M487.txt   *** BEATS KERI 615 ***
  K_6(10,5) <= 486   K6_10_5_M486.txt   *** BEATS KERI 615 ***

======================================================================
campaign2 done: 44 code(s) verified and recorded
