
=== K_6(7,3): from scratch at M=246, descending towards the recorded record M=232 ===
  M=246   VERIFIED covering (1s)
  M=245   VERIFIED covering (1s)
  M=244   VERIFIED covering (1s)
  M=243   VERIFIED covering (1s)
  M=242   VERIFIED covering (1s)
  M=241   VERIFIED covering (0s)
  M=240   VERIFIED covering (1s)
  M=239   VERIFIED covering (1s)
  M=238   VERIFIED covering (1s)
  M=237   VERIFIED covering (3s)
  M=236   VERIFIED covering (1s)
  M=235   VERIFIED covering (2s)
  M=234   VERIFIED covering (55s)
  M=233   VERIFIED covering (1s)
  M=232   VERIFIED covering (1s)
  -> reached M=232 (record is 232): RECORD RE-DERIVED

=== K_6(8,4): from scratch at M=216, descending towards the recorded record M=167 ===
  M=216   VERIFIED covering (3s)
  M=215   VERIFIED covering (5s)
  M=214   VERIFIED covering (5s)
  M=213   VERIFIED covering (3s)
  M=212   VERIFIED covering (3s)
  M=211   VERIFIED covering (4s)
  M=210   VERIFIED covering (2s)
  M=209   VERIFIED covering (3s)
  M=208   VERIFIED covering (3s)
  M=207   VERIFIED covering (3s)
  M=206   VERIFIED covering (5s)
  M=205   VERIFIED covering (4s)
  M=204   VERIFIED covering (3s)
  M=203   VERIFIED covering (3s)
  M=202   VERIFIED covering (3s)
  M=201   VERIFIED covering (4s)
  M=200   VERIFIED covering (3s)
  M=199   VERIFIED covering (3s)
  M=198   VERIFIED covering (4s)
  M=197   VERIFIED covering (3s)
  M=196   VERIFIED covering (3s)
  M=195   VERIFIED covering (3s)
  M=194   VERIFIED covering (3s)
  M=193   VERIFIED covering (3s)
  M=192   VERIFIED covering (3s)
  M=191   VERIFIED covering (3s)
  M=190   VERIFIED covering (3s)
  M=189   VERIFIED covering (4s)
  M=188   VERIFIED covering (3s)
  M=187   VERIFIED covering (2s)
  M=186   VERIFIED covering (2s)
  M=185   VERIFIED covering (3s)
  M=184   VERIFIED covering (2s)
  M=183   VERIFIED covering (2s)
  M=182   VERIFIED covering (2s)
  M=181   VERIFIED covering (3s)
  M=180   VERIFIED covering (2s)
  M=179   VERIFIED covering (3s)
  M=178   VERIFIED covering (3s)
  M=177   VERIFIED covering (3s)
  M=176   VERIFIED covering (3s)
  M=175   VERIFIED covering (3s)
  M=174   VERIFIED covering (4s)
  M=173   VERIFIED covering (3s)
  M=172   VERIFIED covering (6s)
  M=171   VERIFIED covering (7s)
  M=170   VERIFIED covering (2s)
  M=169   VERIFIED covering (24s)
  M=168   VERIFIED covering (48s)
  M=167   VERIFIED covering (57s)
  -> reached M=167 (record is 167): RECORD RE-DERIVED

=== K_7(8,4): from scratch at M=343, descending towards the recorded record M=329 ===
  M=343   VERIFIED covering (8s)
  M=342   VERIFIED covering (9s)
  M=341   VERIFIED covering (8s)
  M=340   VERIFIED covering (11s)
  M=339   VERIFIED covering (9s)
  M=338   VERIFIED covering (11s)
  M=337   VERIFIED covering (8s)
  M=336   VERIFIED covering (33s)
  M=335   VERIFIED covering (9s)
  M=334   VERIFIED covering (9s)
  M=333   VERIFIED covering (9s)
  M=332   VERIFIED covering (10s)
  M=331   VERIFIED covering (9s)
  M=330   VERIFIED covering (8s)
  M=329   VERIFIED covering (30s)
  -> reached M=329 (record is 329): RECORD RE-DERIVED

=== regression summary ===
  K_6(7,3)     start 246   record 232   reached 232    PASS  (70s)
  K_6(8,4)     start 216   record 167   reached 167    PASS  (281s)
  K_7(8,4)     start 343   record 329   reached 329    PASS  (182s)
